293  [nRepl-session-6f700517-7e34-4e77-83e1-2beba4a29d75] INFO  com.ahungry.comments - Starting server.
